// Jest Snapshot v1, https://goo.gl/fbAQLP

exports[`Book should match snapshot 1`] = `undefined`;
