// Jest Snapshot v1, https://goo.gl/fbAQLP

exports[`BookThumbNail should match snapshot 1`] = `undefined`;
